// Jest Snapshot v1, https://goo.gl/fbAQLP

exports[`CourseCard snapshot: renders consistently 1`] = `
<div>
  <a
    href="/courses/btc-101"
  >
    <div
      class="flex items-center justify-between mb-3"
    >
      <span
        class="font-mono text-[10px] tracking-[0.2em] uppercase opacity-70"
      >
        Foundations of Bitco
      </span>
    </div>
    <div
      class="stripes b-thin rounded-md mb-4 relative overflow-hidden"
    >
      <div
        class="absolute inset-0 flex items-center justify-center"
      >
        <span
          class="font-mono text-[10px] tracking-[0.18em] uppercase opacity-50"
        >
          Bitcoin 101
        </span>
      </div>
      <div
        class="absolute top-1.5 left-1.5 w-2 h-2 border-l border-t border-current opacity-40"
      />
      <div
        class="absolute top-1.5 right-1.5 w-2 h-2 border-r border-t border-current opacity-40"
      />
      <div
        class="absolute bottom-1.5 left-1.5 w-2 h-2 border-l border-b border-current opacity-40"
      />
      <div
        class="absolute bottom-1.5 right-1.5 w-2 h-2 border-r border-b border-current opacity-40"
      />
    </div>
    <h3
      class="text-lg font-medium leading-snug mb-1"
    >
      Bitcoin 101
    </h3>
    <div
      class="font-mono text-[11px] opacity-70 mb-3 line-clamp-1"
    >
      Foundations of Bitcoin
    </div>
    <div
      class="grid grid-cols-3 gap-2 mb-4"
    >
      <div
        class="text-center"
      >
        <div
          class="text-xl tnum font-medium"
        >
          3
        </div>
        <div
          class="font-mono text-[9px] tracking-[0.18em] uppercase opacity-70 mt-0.5"
        >
          docs
        </div>
      </div>
      <div
        class="text-center"
      >
        <div
          class="text-xl tnum font-medium"
        >
          3
        </div>
        <div
          class="font-mono text-[9px] tracking-[0.18em] uppercase opacity-70 mt-0.5"
        >
          indexed
        </div>
      </div>
      <div
        class="text-center"
      >
        <div
          class="text-xl tnum font-medium"
        >
          0
        </div>
        <div
          class="font-mono text-[9px] tracking-[0.18em] uppercase opacity-70 mt-0.5"
        >
          open
        </div>
      </div>
    </div>
    <div
      class="flex items-center b-thin-t pt-3 mt-auto"
    >
      <span
        class="font-mono text-[11px] flex items-center gap-2"
      >
        <span
          class="inline-block w-1.5 h-1.5 rounded-full flex-shrink-0"
          style="background: rgb(26, 127, 58);"
        />
        all indexed
      </span>
    </div>
  </a>
</div>
`;
